// Jest Snapshot v1, https://goo.gl/fbAQLP

exports[`App should match the correct snapshot 1`] = `
<div
  className="App"
>
  <NavBar
    pathname="/"
  />
  <Switch>
    <Route
      component={[Function]}
      path="/profile"
    />
    <Route
      path="/"
      render={[Function]}
    />
  </Switch>
  <Switch>
    <Route
      component={[Function]}
      path="/event/:id"
    />
    <Route
      component={[Function]}
      path="/profile/upcoming/event/:id"
    />
    <Route
      component={[Function]}
      path="/profile/wishlist/event/:id"
    />
    <Route
      component={[Function]}
      path="/profile/past/event/:id"
    />
  </Switch>
</div>
`;
