// Jest Snapshot v1, https://goo.gl/fbAQLP

exports[`Filters should match the snapshot 1`] = `
<div
  className="Filters"
>
  <h3
    className="filters-title"
  >
    FILTER EVENTS
  </h3>
  <select
    name="event_type"
    onChange={[Function]}
    value=""
  >
    <option
      key="Type"
      value=""
    >
      All Event Types
    </option>
    <option
      key="climbing"
      value="climbing"
    >
      Climbing
    </option>
  </select>
  <select
    name="month"
    onChange={[Function]}
    value=""
  >
    <option
      key="Month"
      value=""
    >
      All Months
    </option>
    <option
      key="January"
      value={1}
    >
      January
       (
      0
      )
    </option>
    <option
      key="February"
      value={2}
    >
      February
       (
      0
      )
    </option>
    <option
      key="March"
      value={3}
    >
      March
       (
      0
      )
    </option>
    <option
      key="April"
      value={4}
    >
      April
       (
      0
      )
    </option>
    <option
      key="May"
      value={5}
    >
      May
       (
      0
      )
    </option>
    <option
      key="June"
      value={6}
    >
      June
       (
      0
      )
    </option>
    <option
      key="July"
      value={7}
    >
      July
       (
      0
      )
    </option>
    <option
      key="August"
      value={8}
    >
      August
       (
      0
      )
    </option>
    <option
      key="September"
      value={9}
    >
      September
       (
      0
      )
    </option>
    <option
      key="October"
      value={10}
    >
      October
       (
      7
      )
    </option>
    <option
      key="November"
      value={11}
    >
      November
       (
      0
      )
    </option>
    <option
      key="December"
      value={12}
    >
      December
       (
      0
      )
    </option>
  </select>
  <select
    name="state"
    onChange={[Function]}
    value=""
  >
    <option
      key="State"
      value=""
    >
      All States
    </option>
    <option
      key="CO"
      value="CO"
    >
      CO
    </option>
  </select>
  <button
    className="reset-filters"
    data-for="reset"
    data-tip={true}
    onClick={[Function]}
  />
  <ReactTooltip
    clickable={false}
    effect="solid"
    id="reset"
    insecure={true}
    place="top"
    resizeHide={true}
    type="dark"
    wrapper="div"
  >
    Reset Filters
  </ReactTooltip>
</div>
`;

exports[`Filters should match the snapshot with no events 1`] = `<div />`;
