// Jest Snapshot v1, https://goo.gl/fbAQLP

exports[`Filters should match the snapshot 1`] = `
<div
  className="Filters"
>
  <h3
    className="filters-title"
  >
    FILTER EVENTS
  </h3>
  <select
    name="event_type"
    onChange={[Function]}
    value=""
  >
    <option
      key="Type"
      value=""
    >
      Event Type
    </option>
    <option
      key="climbing"
      value="climbing"
    >
      Climbing
    </option>
  </select>
  <select
    name="month"
    onChange={[Function]}
    value=""
  >
    <option
      key="Month"
      value=""
    >
      Month
    </option>
    <option
      key="January"
      value="January"
    >
      January
       (
      0
      )
    </option>
    <option
      key="February"
      value="February"
    >
      February
       (
      0
      )
    </option>
    <option
      key="March"
      value="March"
    >
      March
       (
      0
      )
    </option>
    <option
      key="April"
      value="April"
    >
      April
       (
      0
      )
    </option>
    <option
      key="May"
      value="May"
    >
      May
       (
      0
      )
    </option>
    <option
      key="June"
      value="June"
    >
      June
       (
      0
      )
    </option>
    <option
      key="July"
      value="July"
    >
      July
       (
      0
      )
    </option>
    <option
      key="August"
      value="August"
    >
      August
       (
      0
      )
    </option>
    <option
      key="September"
      value="September"
    >
      September
       (
      0
      )
    </option>
    <option
      key="October"
      value="October"
    >
      October
       (
      7
      )
    </option>
    <option
      key="November"
      value="November"
    >
      November
       (
      0
      )
    </option>
    <option
      key="December"
      value="December"
    >
      December
       (
      0
      )
    </option>
  </select>
  <select
    name="state"
    onChange={[Function]}
    value=""
  >
    <option
      key="State"
      value=""
    >
      State
    </option>
    <option
      key="CO"
      value="CO"
    >
      CO
    </option>
  </select>
</div>
`;
